2025-12-08T05:03:38.8660337Z Current runner version: '2.329.0'
2025-12-08T05:03:38.8691408Z ##[group]Runner Image Provisioner
2025-12-08T05:03:38.8692717Z Hosted Compute Agent
2025-12-08T05:03:38.8693620Z Version: 20251124.448
2025-12-08T05:03:38.8694508Z Commit: fda5086b43ec66ade217e5fcd18146c879571177
2025-12-08T05:03:38.8695716Z Build Date: 2025-11-24T21:16:26Z
2025-12-08T05:03:38.8696640Z ##[endgroup]
2025-12-08T05:03:38.8697462Z ##[group]Operating System
2025-12-08T05:03:38.8698552Z Ubuntu
2025-12-08T05:03:38.8699326Z 24.04.3
2025-12-08T05:03:38.8700034Z LTS
2025-12-08T05:03:38.8700870Z ##[endgroup]
2025-12-08T05:03:38.8701604Z ##[group]Runner Image
2025-12-08T05:03:38.8702464Z Image: ubuntu-24.04
2025-12-08T05:03:38.8703361Z Version: 20251126.144.1
2025-12-08T05:03:38.8705020Z Included Software: https://github.com/actions/runner-images/blob/ubuntu24/20251126.144/images/ubuntu/Ubuntu2404-Readme.md
2025-12-08T05:03:38.8707940Z Image Release: https://github.com/actions/runner-images/releases/tag/ubuntu24%2F20251126.144
2025-12-08T05:03:38.8709605Z ##[endgroup]
2025-12-08T05:03:38.8711340Z ##[group]GITHUB_TOKEN Permissions
2025-12-08T05:03:38.8713782Z Contents: read
2025-12-08T05:03:38.8714550Z Metadata: read
2025-12-08T05:03:38.8715391Z Packages: read
2025-12-08T05:03:38.8716264Z ##[endgroup]
2025-12-08T05:03:38.8719701Z Secret source: Actions
2025-12-08T05:03:38.8720778Z Prepare workflow directory
2025-12-08T05:03:38.9170871Z Prepare all required actions
2025-12-08T05:03:38.9226333Z Getting action download info
2025-12-08T05:03:39.2146641Z Download action repository 'actions/checkout@v4' (SHA:34e114876b0b11c390a56381ad16ebd13914f8d5)
2025-12-08T05:03:39.4906261Z Download action repository 'actions/setup-node@v4' (SHA:49933ea5288caeca8642d1e84afbd3f7d6820020)
2025-12-08T05:03:39.5852453Z Download action repository 'actions/upload-artifact@v4' (SHA:ea165f8d65b6e75b540449e92b4886f43607fa02)
2025-12-08T05:03:40.1497242Z Complete job name: Test on chromium
2025-12-08T05:03:40.2213517Z ##[group]Run actions/checkout@v4
2025-12-08T05:03:40.2214446Z with:
2025-12-08T05:03:40.2214920Z   repository: aleame/playwright-bdd-allure
2025-12-08T05:03:40.2215682Z   token: ***
2025-12-08T05:03:40.2216091Z   ssh-strict: true
2025-12-08T05:03:40.2216516Z   ssh-user: git
2025-12-08T05:03:40.2216949Z   persist-credentials: true
2025-12-08T05:03:40.2217425Z   clean: true
2025-12-08T05:03:40.2218038Z   sparse-checkout-cone-mode: true
2025-12-08T05:03:40.2218564Z   fetch-depth: 1
2025-12-08T05:03:40.2218992Z   fetch-tags: false
2025-12-08T05:03:40.2219427Z   show-progress: true
2025-12-08T05:03:40.2219859Z   lfs: false
2025-12-08T05:03:40.2220272Z   submodules: false
2025-12-08T05:03:40.2220730Z   set-safe-directory: true
2025-12-08T05:03:40.2221464Z ##[endgroup]
2025-12-08T05:03:40.3281617Z Syncing repository: aleame/playwright-bdd-allure
2025-12-08T05:03:40.3283439Z ##[group]Getting Git version info
2025-12-08T05:03:40.3284427Z Working directory is '/home/runner/work/playwright-bdd-allure/playwright-bdd-allure'
2025-12-08T05:03:40.3285601Z [command]/usr/bin/git version
2025-12-08T05:03:40.3404597Z git version 2.52.0
2025-12-08T05:03:40.3431657Z ##[endgroup]
2025-12-08T05:03:40.3448065Z Temporarily overriding HOME='/home/runner/work/_temp/52be17e1-0440-4920-881c-eec1380a59b3' before making global git config changes
2025-12-08T05:03:40.3450741Z Adding repository directory to the temporary git global config as a safe directory
2025-12-08T05:03:40.3462678Z [command]/usr/bin/git config --global --add safe.directory /home/runner/work/playwright-bdd-allure/playwright-bdd-allure
2025-12-08T05:03:40.3506509Z Deleting the contents of '/home/runner/work/playwright-bdd-allure/playwright-bdd-allure'
2025-12-08T05:03:40.3510288Z ##[group]Initializing the repository
2025-12-08T05:03:40.3515805Z [command]/usr/bin/git init /home/runner/work/playwright-bdd-allure/playwright-bdd-allure
2025-12-08T05:03:40.3648320Z hint: Using 'master' as the name for the initial branch. This default branch name
2025-12-08T05:03:40.3649422Z hint: will change to "main" in Git 3.0. To configure the initial branch name
2025-12-08T05:03:40.3651525Z hint: to use in all of your new repositories, which will suppress this warning,
2025-12-08T05:03:40.3652902Z hint: call:
2025-12-08T05:03:40.3653551Z hint:
2025-12-08T05:03:40.3654379Z hint: 	git config --global init.defaultBranch <name>
2025-12-08T05:03:40.3655420Z hint:
2025-12-08T05:03:40.3656068Z hint: Names commonly chosen instead of 'master' are 'main', 'trunk' and
2025-12-08T05:03:40.3657004Z hint: 'development'. The just-created branch can be renamed via this command:
2025-12-08T05:03:40.3657951Z hint:
2025-12-08T05:03:40.3658376Z hint: 	git branch -m <name>
2025-12-08T05:03:40.3658840Z hint:
2025-12-08T05:03:40.3659464Z hint: Disable this message with "git config set advice.defaultBranchName false"
2025-12-08T05:03:40.3661258Z Initialized empty Git repository in /home/runner/work/playwright-bdd-allure/playwright-bdd-allure/.git/
2025-12-08T05:03:40.3666047Z [command]/usr/bin/git remote add origin https://github.com/aleame/playwright-bdd-allure
2025-12-08T05:03:40.3701688Z ##[endgroup]
2025-12-08T05:03:40.3702461Z ##[group]Disabling automatic garbage collection
2025-12-08T05:03:40.3705280Z [command]/usr/bin/git config --local gc.auto 0
2025-12-08T05:03:40.3732912Z ##[endgroup]
2025-12-08T05:03:40.3733641Z ##[group]Setting up auth
2025-12-08T05:03:40.3739701Z [command]/usr/bin/git config --local --name-only --get-regexp core\.sshCommand
2025-12-08T05:03:40.3769397Z [command]/usr/bin/git submodule foreach --recursive sh -c "git config --local --name-only --get-regexp 'core\.sshCommand' && git config --local --unset-all 'core.sshCommand' || :"
2025-12-08T05:03:40.4141965Z [command]/usr/bin/git config --local --name-only --get-regexp http\.https\:\/\/github\.com\/\.extraheader
2025-12-08T05:03:40.4172816Z [command]/usr/bin/git submodule foreach --recursive sh -c "git config --local --name-only --get-regexp 'http\.https\:\/\/github\.com\/\.extraheader' && git config --local --unset-all 'http.https://github.com/.extraheader' || :"
2025-12-08T05:03:40.4399199Z [command]/usr/bin/git config --local --name-only --get-regexp ^includeIf\.gitdir:
2025-12-08T05:03:40.4428813Z [command]/usr/bin/git submodule foreach --recursive git config --local --show-origin --name-only --get-regexp remote.origin.url
2025-12-08T05:03:40.4653784Z [command]/usr/bin/git config --local http.https://github.com/.extraheader AUTHORIZATION: basic ***
2025-12-08T05:03:40.4686395Z ##[endgroup]
2025-12-08T05:03:40.4688031Z ##[group]Fetching the repository
2025-12-08T05:03:40.4696919Z [command]/usr/bin/git -c protocol.version=2 fetch --no-tags --prune --no-recurse-submodules --depth=1 origin +f8b05bb74b5308fbf75b5712f7ccbe38d316a729:refs/remotes/origin/feature/container_1207
2025-12-08T05:03:40.7003837Z From https://github.com/aleame/playwright-bdd-allure
2025-12-08T05:03:40.7004965Z  * [new ref]         f8b05bb74b5308fbf75b5712f7ccbe38d316a729 -> origin/feature/container_1207
2025-12-08T05:03:40.7040435Z ##[endgroup]
2025-12-08T05:03:40.7041854Z ##[group]Determining the checkout info
2025-12-08T05:03:40.7043254Z ##[endgroup]
2025-12-08T05:03:40.7047095Z [command]/usr/bin/git sparse-checkout disable
2025-12-08T05:03:40.7090896Z [command]/usr/bin/git config --local --unset-all extensions.worktreeConfig
2025-12-08T05:03:40.7118823Z ##[group]Checking out the ref
2025-12-08T05:03:40.7124663Z [command]/usr/bin/git checkout --progress --force -B feature/container_1207 refs/remotes/origin/feature/container_1207
2025-12-08T05:03:40.7290454Z Switched to a new branch 'feature/container_1207'
2025-12-08T05:03:40.7293161Z branch 'feature/container_1207' set up to track 'origin/feature/container_1207'.
2025-12-08T05:03:40.7301178Z ##[endgroup]
2025-12-08T05:03:40.7335208Z [command]/usr/bin/git log -1 --format=%H
2025-12-08T05:03:40.7357379Z f8b05bb74b5308fbf75b5712f7ccbe38d316a729
2025-12-08T05:03:40.7603179Z ##[group]Run actions/setup-node@v4
2025-12-08T05:03:40.7603803Z with:
2025-12-08T05:03:40.7604253Z   node-version: 24.11.0
2025-12-08T05:03:40.7604745Z   cache: npm
2025-12-08T05:03:40.7605201Z   always-auth: false
2025-12-08T05:03:40.7605944Z   check-latest: false
2025-12-08T05:03:40.7606595Z   token: ***
2025-12-08T05:03:40.7607328Z ##[endgroup]
2025-12-08T05:03:40.9339927Z Attempting to download 24.11.0...
2025-12-08T05:03:41.2416663Z Acquiring 24.11.0 - x64 from https://github.com/actions/node-versions/releases/download/24.11.0-18894910158/node-24.11.0-linux-x64.tar.gz
2025-12-08T05:03:41.6812419Z Extracting ...
2025-12-08T05:03:41.6912531Z [command]/usr/bin/tar xz --strip 1 --warning=no-unknown-keyword --overwrite -C /home/runner/work/_temp/e8824f28-b883-47bb-961b-3e1928bba31e -f /home/runner/work/_temp/e8a08091-6b00-407a-9964-ce3d68ca0234
2025-12-08T05:03:42.9596439Z Adding to the cache ...
2025-12-08T05:03:44.7702718Z ##[group]Environment details
2025-12-08T05:03:44.9966301Z node: v24.11.0
2025-12-08T05:03:44.9966997Z npm: 11.6.1
2025-12-08T05:03:44.9967390Z yarn: 1.22.22
2025-12-08T05:03:44.9968625Z ##[endgroup]
2025-12-08T05:03:44.9988355Z [command]/opt/hostedtoolcache/node/24.11.0/x64/bin/npm config get cache
2025-12-08T05:03:45.0902011Z /home/runner/.npm
2025-12-08T05:03:45.1645247Z npm cache is not found
2025-12-08T05:03:45.1796061Z ##[group]Run npm ci
2025-12-08T05:03:45.1796355Z [36;1mnpm ci[0m
2025-12-08T05:03:45.1835940Z shell: /usr/bin/bash -e {0}
2025-12-08T05:03:45.1836240Z ##[endgroup]
2025-12-08T05:03:49.3810912Z 
2025-12-08T05:03:49.3819948Z added 279 packages, and audited 280 packages in 4s
2025-12-08T05:03:49.3820445Z 
2025-12-08T05:03:49.3820787Z 69 packages are looking for funding
2025-12-08T05:03:49.3821316Z   run `npm fund` for details
2025-12-08T05:03:49.3824403Z 
2025-12-08T05:03:49.3824910Z found 0 vulnerabilities
2025-12-08T05:03:49.4452811Z ##[group]Run npx playwright install chromium
2025-12-08T05:03:49.4453175Z [36;1mnpx playwright install chromium[0m
2025-12-08T05:03:49.4485890Z shell: /usr/bin/bash -e {0}
2025-12-08T05:03:49.4486133Z ##[endgroup]
2025-12-08T05:03:50.3589962Z Downloading Chromium 143.0.7499.4 (playwright build v1200) from https://cdn.playwright.dev/dbazure/download/playwright/builds/chromium/1200/chromium-linux.zip
2025-12-08T05:03:50.7146787Z |                                                                                |   0% of 164.7 MiB
2025-12-08T05:03:51.3749253Z |■■■■■■■■                                                                        |  10% of 164.7 MiB
2025-12-08T05:03:51.6494583Z |■■■■■■■■■■■■■■■■                                                                |  20% of 164.7 MiB
2025-12-08T05:03:51.9219910Z |■■■■■■■■■■■■■■■■■■■■■■■■                                                        |  30% of 164.7 MiB
2025-12-08T05:03:52.2015840Z |■■■■■■■■■■■■■■■■■■■■■■■■■■■■■■■■                                                |  40% of 164.7 MiB
2025-12-08T05:03:52.4787822Z |■■■■■■■■■■■■■■■■■■■■■■■■■■■■■■■■■■■■■■■■                                        |  50% of 164.7 MiB
2025-12-08T05:03:52.7577886Z |■■■■■■■■■■■■■■■■■■■■■■■■■■■■■■■■■■■■■■■■■■■■■■■■                                |  60% of 164.7 MiB
2025-12-08T05:03:53.0334595Z |■■■■■■■■■■■■■■■■■■■■■■■■■■■■■■■■■■■■■■■■■■■■■■■■■■■■■■■■                        |  70% of 164.7 MiB
2025-12-08T05:03:53.3081879Z |■■■■■■■■■■■■■■■■■■■■■■■■■■■■■■■■■■■■■■■■■■■■■■■■■■■■■■■■■■■■■■■■                |  80% of 164.7 MiB
2025-12-08T05:03:53.5830458Z |■■■■■■■■■■■■■■■■■■■■■■■■■■■■■■■■■■■■■■■■■■■■■■■■■■■■■■■■■■■■■■■■■■■■■■■■        |  90% of 164.7 MiB
2025-12-08T05:03:53.8574245Z |■■■■■■■■■■■■■■■■■■■■■■■■■■■■■■■■■■■■■■■■■■■■■■■■■■■■■■■■■■■■■■■■■■■■■■■■■■■■■■■■| 100% of 164.7 MiB
2025-12-08T05:03:56.2737052Z Chromium 143.0.7499.4 (playwright build v1200) downloaded to /home/runner/.cache/ms-playwright/chromium-1200
2025-12-08T05:03:56.2741545Z Downloading FFMPEG playwright build v1011 from https://cdn.playwright.dev/dbazure/download/playwright/builds/ffmpeg/1011/ffmpeg-linux.zip
2025-12-08T05:03:56.6177953Z |                                                                                |   0% of 2.3 MiB
2025-12-08T05:03:56.7876201Z |■■■■■■■■                                                                        |  10% of 2.3 MiB
2025-12-08T05:03:56.8523091Z |■■■■■■■■■■■■■■■■                                                                |  20% of 2.3 MiB
2025-12-08T05:03:56.8986015Z |■■■■■■■■■■■■■■■■■■■■■■■■                                                        |  30% of 2.3 MiB
2025-12-08T05:03:56.9256670Z |■■■■■■■■■■■■■■■■■■■■■■■■■■■■■■■■                                                |  40% of 2.3 MiB
2025-12-08T05:03:56.9385858Z |■■■■■■■■■■■■■■■■■■■■■■■■■■■■■■■■■■■■■■■■                                        |  50% of 2.3 MiB
2025-12-08T05:03:56.9665488Z |■■■■■■■■■■■■■■■■■■■■■■■■■■■■■■■■■■■■■■■■■■■■■■■■                                |  60% of 2.3 MiB
2025-12-08T05:03:56.9847457Z |■■■■■■■■■■■■■■■■■■■■■■■■■■■■■■■■■■■■■■■■■■■■■■■■■■■■■■■■                        |  70% of 2.3 MiB
2025-12-08T05:03:56.9933662Z |■■■■■■■■■■■■■■■■■■■■■■■■■■■■■■■■■■■■■■■■■■■■■■■■■■■■■■■■■■■■■■■■                |  80% of 2.3 MiB
2025-12-08T05:03:57.0019796Z |■■■■■■■■■■■■■■■■■■■■■■■■■■■■■■■■■■■■■■■■■■■■■■■■■■■■■■■■■■■■■■■■■■■■■■■■        |  90% of 2.3 MiB
2025-12-08T05:03:57.0085173Z |■■■■■■■■■■■■■■■■■■■■■■■■■■■■■■■■■■■■■■■■■■■■■■■■■■■■■■■■■■■■■■■■■■■■■■■■■■■■■■■■| 100% of 2.3 MiB
2025-12-08T05:03:57.0641051Z FFMPEG playwright build v1011 downloaded to /home/runner/.cache/ms-playwright/ffmpeg-1011
2025-12-08T05:03:57.0645716Z Downloading Chromium Headless Shell 143.0.7499.4 (playwright build v1200) from https://cdn.playwright.dev/dbazure/download/playwright/builds/chromium/1200/chromium-headless-shell-linux.zip
2025-12-08T05:03:57.4054735Z |                                                                                |   0% of 109.7 MiB
2025-12-08T05:03:57.9939094Z |■■■■■■■■                                                                        |  10% of 109.7 MiB
2025-12-08T05:03:58.1682405Z |■■■■■■■■■■■■■■■■                                                                |  20% of 109.7 MiB
2025-12-08T05:03:58.3567138Z |■■■■■■■■■■■■■■■■■■■■■■■■                                                        |  30% of 109.7 MiB
2025-12-08T05:03:58.5343617Z |■■■■■■■■■■■■■■■■■■■■■■■■■■■■■■■■                                                |  40% of 109.7 MiB
2025-12-08T05:03:58.7210472Z |■■■■■■■■■■■■■■■■■■■■■■■■■■■■■■■■■■■■■■■■                                        |  50% of 109.7 MiB
2025-12-08T05:03:58.9130159Z |■■■■■■■■■■■■■■■■■■■■■■■■■■■■■■■■■■■■■■■■■■■■■■■■                                |  60% of 109.7 MiB
2025-12-08T05:03:59.0896670Z |■■■■■■■■■■■■■■■■■■■■■■■■■■■■■■■■■■■■■■■■■■■■■■■■■■■■■■■■                        |  70% of 109.7 MiB
2025-12-08T05:03:59.2715973Z |■■■■■■■■■■■■■■■■■■■■■■■■■■■■■■■■■■■■■■■■■■■■■■■■■■■■■■■■■■■■■■■■                |  80% of 109.7 MiB
2025-12-08T05:03:59.4516105Z |■■■■■■■■■■■■■■■■■■■■■■■■■■■■■■■■■■■■■■■■■■■■■■■■■■■■■■■■■■■■■■■■■■■■■■■■        |  90% of 109.7 MiB
2025-12-08T05:03:59.6483423Z |■■■■■■■■■■■■■■■■■■■■■■■■■■■■■■■■■■■■■■■■■■■■■■■■■■■■■■■■■■■■■■■■■■■■■■■■■■■■■■■■| 100% of 109.7 MiB
2025-12-08T05:04:01.4750954Z Chromium Headless Shell 143.0.7499.4 (playwright build v1200) downloaded to /home/runner/.cache/ms-playwright/chromium_headless_shell-1200
2025-12-08T05:04:01.5110024Z ##[error]The operation was canceled.
2025-12-08T05:04:01.5167698Z ##[group]Run actions/upload-artifact@v4
2025-12-08T05:04:01.5167979Z with:
2025-12-08T05:04:01.5168167Z   name: cucumber-report-chromium
2025-12-08T05:04:01.5168416Z   path: reports/cucumber-report.html
2025-12-08T05:04:01.5168661Z   retention-days: 7
2025-12-08T05:04:01.5168845Z   if-no-files-found: warn
2025-12-08T05:04:01.5169052Z   compression-level: 6
2025-12-08T05:04:01.5169245Z   overwrite: false
2025-12-08T05:04:01.5169426Z   include-hidden-files: false
2025-12-08T05:04:01.5169652Z ##[endgroup]
2025-12-08T05:04:01.7368459Z ##[warning]No files were found with the provided path: reports/cucumber-report.html. No artifacts will be uploaded.
2025-12-08T05:04:01.7484306Z Post job cleanup.
2025-12-08T05:04:01.8443737Z [command]/usr/bin/git version
2025-12-08T05:04:01.8481472Z git version 2.52.0
2025-12-08T05:04:01.8526817Z Temporarily overriding HOME='/home/runner/work/_temp/968721e2-1042-445e-b893-04639b8343c6' before making global git config changes
2025-12-08T05:04:01.8528593Z Adding repository directory to the temporary git global config as a safe directory
2025-12-08T05:04:01.8541325Z [command]/usr/bin/git config --global --add safe.directory /home/runner/work/playwright-bdd-allure/playwright-bdd-allure
2025-12-08T05:04:01.8576600Z [command]/usr/bin/git config --local --name-only --get-regexp core\.sshCommand
2025-12-08T05:04:01.8610060Z [command]/usr/bin/git submodule foreach --recursive sh -c "git config --local --name-only --get-regexp 'core\.sshCommand' && git config --local --unset-all 'core.sshCommand' || :"
2025-12-08T05:04:01.8847858Z [command]/usr/bin/git config --local --name-only --get-regexp http\.https\:\/\/github\.com\/\.extraheader
2025-12-08T05:04:01.8870489Z http.https://github.com/.extraheader
2025-12-08T05:04:01.8883675Z [command]/usr/bin/git config --local --unset-all http.https://github.com/.extraheader
2025-12-08T05:04:01.8916189Z [command]/usr/bin/git submodule foreach --recursive sh -c "git config --local --name-only --get-regexp 'http\.https\:\/\/github\.com\/\.extraheader' && git config --local --unset-all 'http.https://github.com/.extraheader' || :"
2025-12-08T05:04:01.9139715Z [command]/usr/bin/git config --local --name-only --get-regexp ^includeIf\.gitdir:
2025-12-08T05:04:01.9171265Z [command]/usr/bin/git submodule foreach --recursive git config --local --show-origin --name-only --get-regexp remote.origin.url
2025-12-08T05:04:01.9503311Z Cleaning up orphan processes
