2025-12-08T05:03:39.1513065Z Current runner version: '2.329.0'
2025-12-08T05:03:39.1544599Z ##[group]Runner Image Provisioner
2025-12-08T05:03:39.1545884Z Hosted Compute Agent
2025-12-08T05:03:39.1546822Z Version: 20251124.448
2025-12-08T05:03:39.1548122Z Commit: fda5086b43ec66ade217e5fcd18146c879571177
2025-12-08T05:03:39.1549447Z Build Date: 2025-11-24T21:16:26Z
2025-12-08T05:03:39.1550427Z ##[endgroup]
2025-12-08T05:03:39.1551395Z ##[group]Operating System
2025-12-08T05:03:39.1552536Z Ubuntu
2025-12-08T05:03:39.1553414Z 24.04.3
2025-12-08T05:03:39.1554210Z LTS
2025-12-08T05:03:39.1555110Z ##[endgroup]
2025-12-08T05:03:39.1555981Z ##[group]Runner Image
2025-12-08T05:03:39.1557047Z Image: ubuntu-24.04
2025-12-08T05:03:39.1558264Z Version: 20251126.144.1
2025-12-08T05:03:39.1560043Z Included Software: https://github.com/actions/runner-images/blob/ubuntu24/20251126.144/images/ubuntu/Ubuntu2404-Readme.md
2025-12-08T05:03:39.1562845Z Image Release: https://github.com/actions/runner-images/releases/tag/ubuntu24%2F20251126.144
2025-12-08T05:03:39.1564539Z ##[endgroup]
2025-12-08T05:03:39.1566415Z ##[group]GITHUB_TOKEN Permissions
2025-12-08T05:03:39.1569187Z Contents: read
2025-12-08T05:03:39.1570065Z Metadata: read
2025-12-08T05:03:39.1571039Z Packages: read
2025-12-08T05:03:39.1571871Z ##[endgroup]
2025-12-08T05:03:39.1575100Z Secret source: Actions
2025-12-08T05:03:39.1576628Z Prepare workflow directory
2025-12-08T05:03:39.2022898Z Prepare all required actions
2025-12-08T05:03:39.2077411Z Getting action download info
2025-12-08T05:03:39.5035522Z Download action repository 'actions/checkout@v4' (SHA:34e114876b0b11c390a56381ad16ebd13914f8d5)
2025-12-08T05:03:39.8509134Z Download action repository 'actions/setup-node@v4' (SHA:49933ea5288caeca8642d1e84afbd3f7d6820020)
2025-12-08T05:03:39.9430449Z Download action repository 'actions/upload-artifact@v4' (SHA:ea165f8d65b6e75b540449e92b4886f43607fa02)
2025-12-08T05:03:40.1358689Z Complete job name: Test on firefox
2025-12-08T05:03:40.2036435Z ##[group]Run actions/checkout@v4
2025-12-08T05:03:40.2037256Z with:
2025-12-08T05:03:40.2037865Z   repository: aleame/playwright-bdd-allure
2025-12-08T05:03:40.2038584Z   token: ***
2025-12-08T05:03:40.2038957Z   ssh-strict: true
2025-12-08T05:03:40.2039333Z   ssh-user: git
2025-12-08T05:03:40.2039721Z   persist-credentials: true
2025-12-08T05:03:40.2040145Z   clean: true
2025-12-08T05:03:40.2040530Z   sparse-checkout-cone-mode: true
2025-12-08T05:03:40.2040985Z   fetch-depth: 1
2025-12-08T05:03:40.2041364Z   fetch-tags: false
2025-12-08T05:03:40.2041749Z   show-progress: true
2025-12-08T05:03:40.2042148Z   lfs: false
2025-12-08T05:03:40.2042502Z   submodules: false
2025-12-08T05:03:40.2042900Z   set-safe-directory: true
2025-12-08T05:03:40.2043588Z ##[endgroup]
2025-12-08T05:03:40.3111446Z Syncing repository: aleame/playwright-bdd-allure
2025-12-08T05:03:40.3113117Z ##[group]Getting Git version info
2025-12-08T05:03:40.3114005Z Working directory is '/home/runner/work/playwright-bdd-allure/playwright-bdd-allure'
2025-12-08T05:03:40.3115103Z [command]/usr/bin/git version
2025-12-08T05:03:40.3216777Z git version 2.52.0
2025-12-08T05:03:40.3243152Z ##[endgroup]
2025-12-08T05:03:40.3256995Z Temporarily overriding HOME='/home/runner/work/_temp/6ae2f9c4-70e2-4094-bd77-0b6c13b6aef2' before making global git config changes
2025-12-08T05:03:40.3258539Z Adding repository directory to the temporary git global config as a safe directory
2025-12-08T05:03:40.3269663Z [command]/usr/bin/git config --global --add safe.directory /home/runner/work/playwright-bdd-allure/playwright-bdd-allure
2025-12-08T05:03:40.3310184Z Deleting the contents of '/home/runner/work/playwright-bdd-allure/playwright-bdd-allure'
2025-12-08T05:03:40.3313434Z ##[group]Initializing the repository
2025-12-08T05:03:40.3317508Z [command]/usr/bin/git init /home/runner/work/playwright-bdd-allure/playwright-bdd-allure
2025-12-08T05:03:40.3448287Z hint: Using 'master' as the name for the initial branch. This default branch name
2025-12-08T05:03:40.3449887Z hint: will change to "main" in Git 3.0. To configure the initial branch name
2025-12-08T05:03:40.3451412Z hint: to use in all of your new repositories, which will suppress this warning,
2025-12-08T05:03:40.3452390Z hint: call:
2025-12-08T05:03:40.3453198Z hint:
2025-12-08T05:03:40.3453948Z hint: 	git config --global init.defaultBranch <name>
2025-12-08T05:03:40.3454896Z hint:
2025-12-08T05:03:40.3455777Z hint: Names commonly chosen instead of 'master' are 'main', 'trunk' and
2025-12-08T05:03:40.3456782Z hint: 'development'. The just-created branch can be renamed via this command:
2025-12-08T05:03:40.3457548Z hint:
2025-12-08T05:03:40.3458358Z hint: 	git branch -m <name>
2025-12-08T05:03:40.3458837Z hint:
2025-12-08T05:03:40.3459402Z hint: Disable this message with "git config set advice.defaultBranchName false"
2025-12-08T05:03:40.3460560Z Initialized empty Git repository in /home/runner/work/playwright-bdd-allure/playwright-bdd-allure/.git/
2025-12-08T05:03:40.3464051Z [command]/usr/bin/git remote add origin https://github.com/aleame/playwright-bdd-allure
2025-12-08T05:03:40.3497112Z ##[endgroup]
2025-12-08T05:03:40.3498060Z ##[group]Disabling automatic garbage collection
2025-12-08T05:03:40.3501218Z [command]/usr/bin/git config --local gc.auto 0
2025-12-08T05:03:40.3528316Z ##[endgroup]
2025-12-08T05:03:40.3528981Z ##[group]Setting up auth
2025-12-08T05:03:40.3535012Z [command]/usr/bin/git config --local --name-only --get-regexp core\.sshCommand
2025-12-08T05:03:40.3563781Z [command]/usr/bin/git submodule foreach --recursive sh -c "git config --local --name-only --get-regexp 'core\.sshCommand' && git config --local --unset-all 'core.sshCommand' || :"
2025-12-08T05:03:40.4001211Z [command]/usr/bin/git config --local --name-only --get-regexp http\.https\:\/\/github\.com\/\.extraheader
2025-12-08T05:03:40.4034422Z [command]/usr/bin/git submodule foreach --recursive sh -c "git config --local --name-only --get-regexp 'http\.https\:\/\/github\.com\/\.extraheader' && git config --local --unset-all 'http.https://github.com/.extraheader' || :"
2025-12-08T05:03:40.4253368Z [command]/usr/bin/git config --local --name-only --get-regexp ^includeIf\.gitdir:
2025-12-08T05:03:40.4284135Z [command]/usr/bin/git submodule foreach --recursive git config --local --show-origin --name-only --get-regexp remote.origin.url
2025-12-08T05:03:40.4512781Z [command]/usr/bin/git config --local http.https://github.com/.extraheader AUTHORIZATION: basic ***
2025-12-08T05:03:40.4546812Z ##[endgroup]
2025-12-08T05:03:40.4547988Z ##[group]Fetching the repository
2025-12-08T05:03:40.4556183Z [command]/usr/bin/git -c protocol.version=2 fetch --no-tags --prune --no-recurse-submodules --depth=1 origin +f8b05bb74b5308fbf75b5712f7ccbe38d316a729:refs/remotes/origin/feature/container_1207
2025-12-08T05:03:40.7008830Z From https://github.com/aleame/playwright-bdd-allure
2025-12-08T05:03:40.7011310Z  * [new ref]         f8b05bb74b5308fbf75b5712f7ccbe38d316a729 -> origin/feature/container_1207
2025-12-08T05:03:40.7044515Z ##[endgroup]
2025-12-08T05:03:40.7046445Z ##[group]Determining the checkout info
2025-12-08T05:03:40.7048734Z ##[endgroup]
2025-12-08T05:03:40.7053120Z [command]/usr/bin/git sparse-checkout disable
2025-12-08T05:03:40.7098045Z [command]/usr/bin/git config --local --unset-all extensions.worktreeConfig
2025-12-08T05:03:40.7125862Z ##[group]Checking out the ref
2025-12-08T05:03:40.7131004Z [command]/usr/bin/git checkout --progress --force -B feature/container_1207 refs/remotes/origin/feature/container_1207
2025-12-08T05:03:40.7306771Z Switched to a new branch 'feature/container_1207'
2025-12-08T05:03:40.7309221Z branch 'feature/container_1207' set up to track 'origin/feature/container_1207'.
2025-12-08T05:03:40.7316377Z ##[endgroup]
2025-12-08T05:03:40.7355175Z [command]/usr/bin/git log -1 --format=%H
2025-12-08T05:03:40.7379850Z f8b05bb74b5308fbf75b5712f7ccbe38d316a729
2025-12-08T05:03:40.7680780Z ##[group]Run actions/setup-node@v4
2025-12-08T05:03:40.7681872Z with:
2025-12-08T05:03:40.7682592Z   node-version: 24.11.0
2025-12-08T05:03:40.7683421Z   cache: npm
2025-12-08T05:03:40.7684161Z   always-auth: false
2025-12-08T05:03:40.7685208Z   check-latest: false
2025-12-08T05:03:40.7686335Z   token: ***
2025-12-08T05:03:40.7687053Z ##[endgroup]
2025-12-08T05:03:40.9468931Z Attempting to download 24.11.0...
2025-12-08T05:03:41.2711857Z Acquiring 24.11.0 - x64 from https://github.com/actions/node-versions/releases/download/24.11.0-18894910158/node-24.11.0-linux-x64.tar.gz
2025-12-08T05:03:41.7542543Z Extracting ...
2025-12-08T05:03:41.7651366Z [command]/usr/bin/tar xz --strip 1 --warning=no-unknown-keyword --overwrite -C /home/runner/work/_temp/c70e6991-f702-4aa3-9419-d9b221202b19 -f /home/runner/work/_temp/bacaa64d-3681-40c8-861c-5ff43dc78c22
2025-12-08T05:03:42.9975654Z Adding to the cache ...
2025-12-08T05:03:44.7954110Z ##[group]Environment details
2025-12-08T05:03:45.0239140Z node: v24.11.0
2025-12-08T05:03:45.0239652Z npm: 11.6.1
2025-12-08T05:03:45.0240004Z yarn: 1.22.22
2025-12-08T05:03:45.0240807Z ##[endgroup]
2025-12-08T05:03:45.0262370Z [command]/opt/hostedtoolcache/node/24.11.0/x64/bin/npm config get cache
2025-12-08T05:03:45.1216048Z /home/runner/.npm
2025-12-08T05:03:45.1849318Z npm cache is not found
2025-12-08T05:03:45.2027609Z ##[group]Run npm ci
2025-12-08T05:03:45.2028058Z [36;1mnpm ci[0m
2025-12-08T05:03:45.2066233Z shell: /usr/bin/bash -e {0}
2025-12-08T05:03:45.2066506Z ##[endgroup]
2025-12-08T05:03:49.1970764Z 
2025-12-08T05:03:49.1979481Z added 279 packages, and audited 280 packages in 4s
2025-12-08T05:03:49.1979951Z 
2025-12-08T05:03:49.1980239Z 69 packages are looking for funding
2025-12-08T05:03:49.1980687Z   run `npm fund` for details
2025-12-08T05:03:49.1984273Z 
2025-12-08T05:03:49.1984544Z found 0 vulnerabilities
2025-12-08T05:03:49.2599933Z ##[group]Run npx playwright install firefox
2025-12-08T05:03:49.2600322Z [36;1mnpx playwright install firefox[0m
2025-12-08T05:03:49.2634936Z shell: /usr/bin/bash -e {0}
2025-12-08T05:03:49.2635180Z ##[endgroup]
2025-12-08T05:03:50.0890905Z Downloading Firefox 144.0.2 (playwright build v1497) from https://cdn.playwright.dev/dbazure/download/playwright/builds/firefox/1497/firefox-ubuntu-24.04.zip
2025-12-08T05:03:50.3202346Z |                                                                                |   0% of 98.4 MiB
2025-12-08T05:03:50.5191501Z |■■■■■■■■                                                                        |  10% of 98.4 MiB
2025-12-08T05:03:50.9034783Z |■■■■■■■■■■■■■■■■                                                                |  20% of 98.4 MiB
2025-12-08T05:03:51.1816123Z |■■■■■■■■■■■■■■■■■■■■■■■■                                                        |  30% of 98.4 MiB
2025-12-08T05:03:51.3817863Z |■■■■■■■■■■■■■■■■■■■■■■■■■■■■■■■■                                                |  40% of 98.4 MiB
2025-12-08T05:03:51.7499106Z |■■■■■■■■■■■■■■■■■■■■■■■■■■■■■■■■■■■■■■■■                                        |  50% of 98.4 MiB
2025-12-08T05:03:52.1237414Z |■■■■■■■■■■■■■■■■■■■■■■■■■■■■■■■■■■■■■■■■■■■■■■■■                                |  60% of 98.4 MiB
2025-12-08T05:03:52.3458293Z |■■■■■■■■■■■■■■■■■■■■■■■■■■■■■■■■■■■■■■■■■■■■■■■■■■■■■■■■                        |  70% of 98.4 MiB
2025-12-08T05:03:52.5907579Z |■■■■■■■■■■■■■■■■■■■■■■■■■■■■■■■■■■■■■■■■■■■■■■■■■■■■■■■■■■■■■■■■                |  80% of 98.4 MiB
2025-12-08T05:03:52.9214670Z |■■■■■■■■■■■■■■■■■■■■■■■■■■■■■■■■■■■■■■■■■■■■■■■■■■■■■■■■■■■■■■■■■■■■■■■■        |  90% of 98.4 MiB
2025-12-08T05:03:53.1063286Z |■■■■■■■■■■■■■■■■■■■■■■■■■■■■■■■■■■■■■■■■■■■■■■■■■■■■■■■■■■■■■■■■■■■■■■■■■■■■■■■■| 100% of 98.4 MiB
2025-12-08T05:03:54.7060155Z Firefox 144.0.2 (playwright build v1497) downloaded to /home/runner/.cache/ms-playwright/firefox-1497
2025-12-08T05:03:54.8323675Z ##[group]Run BROWSER=firefox npm test
2025-12-08T05:03:54.8324009Z [36;1mBROWSER=firefox npm test[0m
2025-12-08T05:03:54.8357955Z shell: /usr/bin/bash -e {0}
2025-12-08T05:03:54.8358186Z ##[endgroup]
2025-12-08T05:03:54.9332463Z 
2025-12-08T05:03:54.9333042Z > playwright-bdd-allure@1.0.0 test
2025-12-08T05:03:54.9333493Z > playwright test
2025-12-08T05:03:54.9333640Z 
2025-12-08T05:03:55.8631716Z [dotenv@17.2.3] injecting env (0) from .env -- tip: 📡 add observability to secrets: https://dotenvx.com/ops
2025-12-08T05:03:55.8969191Z Error: No tests found
2025-12-08T05:03:55.9055021Z 
2025-12-08T05:03:55.9307392Z ##[error]Process completed with exit code 1.
2025-12-08T05:03:55.9378580Z ##[group]Run actions/upload-artifact@v4
2025-12-08T05:03:55.9378878Z with:
2025-12-08T05:03:55.9379066Z   name: cucumber-report-firefox
2025-12-08T05:03:55.9379321Z   path: reports/cucumber-report.html
2025-12-08T05:03:55.9379567Z   retention-days: 7
2025-12-08T05:03:55.9379769Z   if-no-files-found: warn
2025-12-08T05:03:55.9379979Z   compression-level: 6
2025-12-08T05:03:55.9380167Z   overwrite: false
2025-12-08T05:03:55.9380363Z   include-hidden-files: false
2025-12-08T05:03:55.9380575Z ##[endgroup]
2025-12-08T05:03:56.1593952Z ##[warning]No files were found with the provided path: reports/cucumber-report.html. No artifacts will be uploaded.
2025-12-08T05:03:56.1723988Z Post job cleanup.
2025-12-08T05:03:56.2683781Z [command]/usr/bin/git version
2025-12-08T05:03:56.2720306Z git version 2.52.0
2025-12-08T05:03:56.2763330Z Temporarily overriding HOME='/home/runner/work/_temp/bd043be4-3e0e-48fb-9cca-8c87c0b813ab' before making global git config changes
2025-12-08T05:03:56.2764344Z Adding repository directory to the temporary git global config as a safe directory
2025-12-08T05:03:56.2768792Z [command]/usr/bin/git config --global --add safe.directory /home/runner/work/playwright-bdd-allure/playwright-bdd-allure
2025-12-08T05:03:56.2803408Z [command]/usr/bin/git config --local --name-only --get-regexp core\.sshCommand
2025-12-08T05:03:56.2834905Z [command]/usr/bin/git submodule foreach --recursive sh -c "git config --local --name-only --get-regexp 'core\.sshCommand' && git config --local --unset-all 'core.sshCommand' || :"
2025-12-08T05:03:56.3064500Z [command]/usr/bin/git config --local --name-only --get-regexp http\.https\:\/\/github\.com\/\.extraheader
2025-12-08T05:03:56.3085545Z http.https://github.com/.extraheader
2025-12-08T05:03:56.3098127Z [command]/usr/bin/git config --local --unset-all http.https://github.com/.extraheader
2025-12-08T05:03:56.3127576Z [command]/usr/bin/git submodule foreach --recursive sh -c "git config --local --name-only --get-regexp 'http\.https\:\/\/github\.com\/\.extraheader' && git config --local --unset-all 'http.https://github.com/.extraheader' || :"
2025-12-08T05:03:56.3344303Z [command]/usr/bin/git config --local --name-only --get-regexp ^includeIf\.gitdir:
2025-12-08T05:03:56.3375288Z [command]/usr/bin/git submodule foreach --recursive git config --local --show-origin --name-only --get-regexp remote.origin.url
2025-12-08T05:03:56.3707992Z Cleaning up orphan processes
